Symbols: x = used, + = saved, * = unsaved
x * COM_RC_IN_MODE [289,521] : 4

 1001/1925 parameters used.
Symbols: x = used, + = saved, * = unsaved
x * COM_RCL_EXCEPT [287,519] : 4

 1001/1925 parameters used.
Symbols: x = used, + = saved, * = unsaved
x * NAV_DLL_ACT [642,1131] : 2

 1001/1925 parameters used.
Symbols: x = used, + = saved, * = unsaved
x * COM_OF_LOSS_T [277,509] : 0.5000

 1001/1925 parameters used.
Symbols: x = used, + = saved, * = unsaved
x * COM_OBL_RC_ACT [276,508] : 4

 1001/1925 parameters used.
Symbols: x = used, + = saved, * = unsaved
x * COM_FAIL_ACT_T [253,477] : 0.0000

 1001/1925 parameters used.
Symbols: x = used, + = saved, * = unsaved
x * COM_DISARM_LAND [248,472] : 1.0000

 1001/1925 parameters used.
Symbols: x = used, + = saved, * = unsaved
x * SYS_FAILURE_EN [974,1577] : 1

 1001/1925 parameters used.
