
______  __   __    ___ 
| ___ \ \ \ / /   /   |
| |_/ /  \ V /   / /| |
|  __/   /   \  / /_| |
| |     / /^\ \ \___  |
\_|     \/   \/     |_/

px4 starting.

INFO  [px4] startup script: /bin/sh etc/init.d-posix/rcS 0
env SYS_AUTOSTART: 4001
INFO  [param] selected parameter default file parameters.bson
INFO  [param] selected parameter backup file parameters_backup.bson
  SYS_AUTOCONFIG: curr: 0 -> new: 1
  COM_RC_IN_MODE: curr: 3 -> new: 4
  COM_OF_LOSS_T: curr: 1.0000 -> new: 0.5000
  COM_DISARM_LAND: curr: 2.0000 -> new: 1.0000
  SYS_FAILURE_EN: curr: 0 -> new: 1
  NAV_DLL_ACT: curr: 0 -> new: 2
  COM_FAIL_ACT_T: curr: 5.0000 -> new: 0.0000
  COM_OBL_RC_ACT: curr: 0 -> new: 4
  COM_RCL_EXCEPT: curr: 0 -> new: 4
  SYS_AUTOSTART: curr: 0 -> new: 4001
  CAL_ACC0_ID: curr: 0 -> new: 1310988
  CAL_GYRO0_ID: curr: 0 -> new: 1310988
  CAL_ACC1_ID: curr: 0 -> new: 1310996
  CAL_GYRO1_ID: curr: 0 -> new: 1310996
  CAL_ACC2_ID: curr: 0 -> new: 1311004
  CAL_GYRO2_ID: curr: 0 -> new: 1311004
  CAL_MAG0_ID: curr: 0 -> new: 197388
  CAL_MAG0_PRIO: curr: -1 -> new: 50
  CAL_MAG1_ID: curr: 0 -> new: 197644
  CAL_MAG1_PRIO: curr: -1 -> new: 50
  SENS_BOARD_X_OFF: curr: 0.0000 -> new: 0.0000
  SENS_DPRES_OFF: curr: 0.0000 -> new: 0.0010
INFO  [dataman] data manager file './dataman' size is 1208528 bytes
INFO  [init] Gazebo simulator
INFO  [init] Standalone PX4 launch, waiting for Gazebo
INFO  [init] Gazebo world is ready
INFO  [init] PX4_GZ_MODEL_NAME set, PX4 will attach to existing model
INFO  [gz_bridge] world: inspection, model: x500_0
INFO  [lockstep_scheduler] setting initial absolute time to 3100000 us
INFO  [commander] LED: open /dev/led0 failed (22)
WARN  [health_and_arming_checks] Preflight Fail: ekf2 missing data
WARN  [health_and_arming_checks] Preflight Fail: No connection to the ground control station	
  UXRCE_DDS_DOM_ID: curr: 0 -> new: 42
INFO  [uxrce_dds_client] init UDP agent IP:127.0.0.1, port:8888
INFO  [tone_alarm] home set
INFO  [mavlink] mode: Normal, data rate: 4000000 B/s on udp port 18570 remote port 14550
INFO  [mavlink] mode: Onboard, data rate: 4000000 B/s on udp port 14580 remote port 14540
INFO  [mavlink] mode: Onboard, data rate: 4000 B/s on udp port 14280 remote port 14030
INFO  [mavlink] mode: Gimbal, data rate: 400000 B/s on udp port 13030 remote port 13280
INFO  [logger] logger started (mode=all)
INFO  [logger] Start file log (type: full)
INFO  [logger] [logger] ./log/2026-09-23/17_04_26.ulg	
INFO  [logger] Opened full log file: ./log/2026-09-23/17_04_26.ulg
INFO  [mavlink] MAVLink only on localhost (set param MAV_{i}_BROADCAST = 1 to enable network)
INFO  [mavlink] MAVLink only on localhost (set param MAV_{i}_BROADCAST = 1 to enable network)
INFO  [px4] Startup script returned successfully
INFO  [mavlink] partner IP: 127.0.0.1
INFO  [commander] [32mReady for takeoff![0m
INFO  [uxrce_dds_client] synchronized with time offset 1790183062376988us
INFO  [uxrce_dds_client] successfully created rt/fmu/out/register_ext_component_reply data writer, topic id: 198
INFO  [uxrce_dds_client] successfully created rt/fmu/out/arming_check_request data writer, topic id: 17
INFO  [uxrce_dds_client] successfully created rt/fmu/out/mode_completed data writer, topic id: 150
INFO  [uxrce_dds_client] successfully created rt/fmu/out/battery_status data writer, topic id: 20
INFO  [uxrce_dds_client] successfully created rt/fmu/out/collision_constraints data writer, topic id: 27
INFO  [uxrce_dds_client] successfully created rt/fmu/out/estimator_status_flags data writer, topic id: 85
INFO  [uxrce_dds_client] successfully created rt/fmu/out/failsafe_flags data writer, topic id: 91
INFO  [uxrce_dds_client] successfully created rt/fmu/out/manual_control_setpoint data writer, topic id: 141
INFO  [uxrce_dds_client] successfully created rt/fmu/out/message_format_response data writer, topic id: 147
INFO  [uxrce_dds_client] successfully created rt/fmu/out/position_setpoint_triplet data writer, topic id: 185
INFO  [uxrce_dds_client] successfully created rt/fmu/out/sensor_combined data writer, topic id: 217
INFO  [uxrce_dds_client] successfully created rt/fmu/out/timesync_status data writer, topic id: 240
INFO  [uxrce_dds_client] successfully created rt/fmu/out/vehicle_land_detected data writer, topic id: 268
INFO  [uxrce_dds_client] successfully created rt/fmu/out/vehicle_attitude data writer, topic id: 255
INFO  [uxrce_dds_client] successfully created rt/fmu/out/vehicle_control_mode data writer, topic id: 262
INFO  [uxrce_dds_client] successfully created rt/fmu/out/vehicle_command_ack data writer, topic id: 259
INFO  [uxrce_dds_client] successfully created rt/fmu/out/vehicle_global_position data writer, topic id: 263
INFO  [uxrce_dds_client] successfully created rt/fmu/out/vehicle_gps_position data writer, topic id: 265
INFO  [uxrce_dds_client] successfully created rt/fmu/out/vehicle_local_position data writer, topic id: 269
INFO  [uxrce_dds_client] successfully created rt/fmu/out/vehicle_odometry data writer, topic id: 274
INFO  [uxrce_dds_client] successfully created rt/fmu/out/vehicle_status_v1 data writer, topic id: 279
INFO  [uxrce_dds_client] successfully created rt/fmu/out/airspeed_validated data writer, topic id: 14
INFO  [uxrce_dds_client] successfully created rt/fmu/out/vtol_vehicle_status data writer, topic id: 288
INFO  [uxrce_dds_client] successfully created rt/fmu/out/home_position data writer, topic id: 123
INFO  [uxrce_dds_client] time sync converged
INFO  [commander] Armed by external command	
INFO  [tone_alarm] arming warning
INFO  [commander] Takeoff detected	
WARN  [failsafe] Failsafe activated	
INFO  [tone_alarm] battery warning (fast)
INFO  [commander] Landing detected	
INFO  [commander] Disarmed by landing	
INFO  [tone_alarm] notify neutral

PX4 Exiting...
Exiting NOW.
